// Jest Snapshot v1, https://goo.gl/fbAQLP

exports[`<CurrencyInput /> should render correctly CurrencyInput  1`] = `
<div>
  <script>
    !function(){try{var d=document.documentElement,c=d.classList;c.remove('light','dark');var e=localStorage.getItem('theme');if('system'===e||(!e&&true)){var t='(prefers-color-scheme: dark)',m=window.matchMedia(t);if(m.media!==t||m.matches){d.style.colorScheme = 'dark';c.add('dark')}else{d.style.colorScheme = 'light';c.add('light')}}else if(e){c.add(e|| '')}if(e==='light'||e==='dark')d.style.colorScheme=e}catch(e){}}()
  </script>
  <div
    class="relative z-0 mb-4"
  >
    <input
      class="block py-2.5 px-0 w-full text-sm text-slate-900 bg-transparent border-0 border-b-2 border-slate-500 appearance-none dark:border-slate-300 dark:focus:border-amber-400 dark:text-slate-100 focus:outline-none focus:ring-0 focus:border-amber-400 peer"
      data-testid="currencyInputTest"
      id="currencyInputTest"
      name="currencyInputTest"
      placeholder=" "
      type="tel"
      value="0,10"
    />
    <label
      class="absolute text-sm text-slate-500 dark:text-slate-300 duration-300 transform -translate-y-6 scale-75 top-3 -z-10 origin-[0] peer-focus:left-0 peer-focus:text-amber-400 peer-focus:dark:text-amber-400 peer-placeholder-shown:scale-100 peer-placeholder-shown:translate-y-0 peer-focus:scale-75 peer-focus:-translate-y-6"
      for="currencyInputTest"
    >
      Teste
    </label>
  </div>
</div>
`;
