// Jest Snapshot v1, https://goo.gl/fbAQLP

exports[`<Header /> should render correctly Header 1`] = `
<div>
  <script>
    !function(){try{var d=document.documentElement,c=d.classList;c.remove('light','dark');var e=localStorage.getItem('theme');if('system'===e||(!e&&true)){var t='(prefers-color-scheme: dark)',m=window.matchMedia(t);if(m.media!==t||m.matches){d.style.colorScheme = 'dark';c.add('dark')}else{d.style.colorScheme = 'light';c.add('light')}}else if(e){c.add(e|| '')}if(e==='light'||e==='dark')d.style.colorScheme=e}catch(e){}}()
  </script>
  <header
    class="w-full h-[250px] fixed bg-gradient-to-b from-amber-400 via-70% via-amber-100 to-white dark:via-black/5 dark:to-black-900"
  >
    <div
      class="bg-barbecue w-full h-full absolute"
    />
    <div
      class="absolute top-1 right-1"
    >
      <button
        aria-label="Sair"
        class="inline-flex items-center justify-center gap-2 rounded-3xl text-sm font-medium uppercase ring-offset-white transition-colors focus-visible:outline-none focus-visible:ring-2 focus-visible:ring-violet-950 focus-visible:ring-offset-2 disabled:pointer-events-none disabled:opacity-50 dark:ring-offset-violet-950 dark:focus-visible:ring-violet-300 bg-slate-950 text-white hover:bg-slate-950/90 dark:bg-slate-950 dark:text-white dark:hover:bg-slate-950/50 h-8 w-8"
        data-state="closed"
        type="button"
      >
        <svg
          class="w-4 h-4"
          fill="none"
          height="24"
          stroke="currentColor"
          stroke-linecap="round"
          stroke-linejoin="round"
          stroke-width="2"
          viewBox="0 0 24 24"
          width="24"
          xmlns="http://www.w3.org/2000/svg"
        >
          <path
            d="M9 21H5a2 2 0 0 1-2-2V5a2 2 0 0 1 2-2h4"
          />
          <polyline
            points="16 17 21 12 16 7"
          />
          <line
            x1="21"
            x2="9"
            y1="12"
            y2="12"
          />
        </svg>
      </button>
    </div>
    <h1
      class="relative font-semibold text-center text-4xl mt-10 px-5 text-white dark:text-black"
    >
      Churras da 
      <span
        class="font-bold uppercase"
      >
        Trinca
      </span>
    </h1>
  </header>
</div>
`;
