// Jest Snapshot v1, https://goo.gl/fbAQLP

exports[`<Skeleton /> should render correctly Skeleton 1`] = `
<div>
  <script>
    !function(){try{var d=document.documentElement,c=d.classList;c.remove('light','dark');var e=localStorage.getItem('theme');if('system'===e||(!e&&true)){var t='(prefers-color-scheme: dark)',m=window.matchMedia(t);if(m.media!==t||m.matches){d.style.colorScheme = 'dark';c.add('dark')}else{d.style.colorScheme = 'light';c.add('light')}}else if(e){c.add(e|| '')}if(e==='light'||e==='dark')d.style.colorScheme=e}catch(e){}}()
  </script>
  <div
    class="animate-pulse rounded-3xl bg-slate-100 dark:bg-slate-800 w-[100px] h-[100px]"
    role="status"
  />
</div>
`;
