// Jest Snapshot v1, https://goo.gl/fbAQLP

exports[`<BarbecuePage /> should render correctly Barbecue Page 1`] = `
<div>
  <script>
    !function(){try{var d=document.documentElement,c=d.classList;c.remove('light','dark');var e=localStorage.getItem('theme');if('system'===e||(!e&&true)){var t='(prefers-color-scheme: dark)',m=window.matchMedia(t);if(m.media!==t||m.matches){d.style.colorScheme = 'dark';c.add('dark')}else{d.style.colorScheme = 'light';c.add('light')}}else if(e){c.add(e|| '')}if(e==='light'||e==='dark')d.style.colorScheme=e}catch(e){}}()
  </script>
  <div
    class="w-full grid sm:grid-cols-1 md:grid-cols-2 lg:grid-cols-3 xl:grid-cols-3 place-content-center gap-4 flex-col"
  >
    <a
      aria-label="Adicionar churras"
      class="text-amber-400 hover:text-amber-500 transition-colors"
      href="/churras/criar"
    >
      <div
        class="w-full h-full min-h-[160px] dark:text-slate-50 flex flex-col gap-6 p-6 rounded-lg shadow-xl bg-slate-200 dark:bg-slate-900 text-slate-800 hover:bg-slate-300 hover:dark:bg-slate-700 transition-colors justify-center"
      >
        <div
          class="flex justify-between flex-col items-center gap-4"
        >
          <img
            alt="Churras"
            data-nimg="1"
            decoding="async"
            height="70"
            loading="lazy"
            src="/icon-churras.svg"
            style="color: transparent;"
            width="70"
          />
          <span
            class="font-bold"
          >
            Adicionar churras
          </span>
        </div>
      </div>
    </a>
  </div>
</div>
`;
