// Jest Snapshot v1, https://goo.gl/fbAQLP

exports[`<BarbecueCreatePage /> should render correctly Barbecue Create Page 1`] = `
<div>
  <script>
    !function(){try{var d=document.documentElement,c=d.classList;c.remove('light','dark');var e=localStorage.getItem('theme');if('system'===e||(!e&&true)){var t='(prefers-color-scheme: dark)',m=window.matchMedia(t);if(m.media!==t||m.matches){d.style.colorScheme = 'dark';c.add('dark')}else{d.style.colorScheme = 'light';c.add('light')}}else if(e){c.add(e|| '')}if(e==='light'||e==='dark')d.style.colorScheme=e}catch(e){}}()
  </script>
  <form
    class="flex flex-col gap-3 p-8 rounded-3xl z-[1px] min-w-[400px] w-full h-max bg-slate-50 dark:bg-slate-800 shadow-xl"
  >
    <h3
      class="text-center font-bold text-amber-900 dark:text-slate-50"
    >
      Churras da TRINCA
    </h3>
    <div
      class="grid md:grid-cols-2 grid-cols-1 gap-4"
    >
      <div
        class="relative z-0 mb-4"
      >
        <input
          class="block py-2.5 px-0 w-full text-sm text-slate-900 bg-transparent border-0 border-b-2 border-slate-500 appearance-none dark:border-slate-300 dark:focus:border-amber-400 dark:text-slate-100 focus:outline-none focus:ring-0 focus:border-amber-400 peer"
          id="date"
          min="2023-10-16"
          name="date"
          placeholder=" "
          role="textbox"
          type="date"
          value="2023-10-16"
        />
        <label
          class="absolute text-sm text-slate-500 dark:text-slate-300 duration-300 transform -translate-y-6 scale-75 top-3 -z-10 origin-[0] peer-focus:left-0 peer-focus:text-amber-400 peer-focus:dark:text-amber-400 peer-placeholder-shown:scale-100 peer-placeholder-shown:translate-y-0 peer-focus:scale-75 peer-focus:-translate-y-6"
          for="date"
        >
          Data
        </label>
      </div>
      <div
        class="relative z-0 mb-4"
      >
        <input
          class="block py-2.5 px-0 w-full text-sm text-slate-900 bg-transparent border-0 border-b-2 border-slate-500 appearance-none dark:border-slate-300 dark:focus:border-amber-400 dark:text-slate-100 focus:outline-none focus:ring-0 focus:border-amber-400 peer"
          id="description"
          name="description"
          placeholder=" "
          role="textbox"
          type="text"
          value=""
        />
        <label
          class="absolute text-sm text-slate-500 dark:text-slate-300 duration-300 transform -translate-y-6 scale-75 top-3 -z-10 origin-[0] peer-focus:left-0 peer-focus:text-amber-400 peer-focus:dark:text-amber-400 peer-placeholder-shown:scale-100 peer-placeholder-shown:translate-y-0 peer-focus:scale-75 peer-focus:-translate-y-6"
          for="description"
        >
          Descrição
        </label>
      </div>
      <div
        class="relative z-0 mb-4"
      >
        <input
          class="block py-2.5 px-0 w-full text-sm text-slate-900 bg-transparent border-0 border-b-2 border-slate-500 appearance-none dark:border-slate-300 dark:focus:border-amber-400 dark:text-slate-100 focus:outline-none focus:ring-0 focus:border-amber-400 peer"
          id="priceWithoutDrink"
          name="priceWithoutDrink"
          placeholder=" "
          type="tel"
          value="0,00"
        />
        <label
          class="absolute text-sm text-slate-500 dark:text-slate-300 duration-300 transform -translate-y-6 scale-75 top-3 -z-10 origin-[0] peer-focus:left-0 peer-focus:text-amber-400 peer-focus:dark:text-amber-400 peer-placeholder-shown:scale-100 peer-placeholder-shown:translate-y-0 peer-focus:scale-75 peer-focus:-translate-y-6"
          for="priceWithoutDrink"
        >
          Valor de contribuição (sem bebida)
        </label>
      </div>
      <div
        class="relative z-0 mb-4"
      >
        <input
          class="block py-2.5 px-0 w-full text-sm text-slate-900 bg-transparent border-0 border-b-2 border-slate-500 appearance-none dark:border-slate-300 dark:focus:border-amber-400 dark:text-slate-100 focus:outline-none focus:ring-0 focus:border-amber-400 peer"
          id="priceWithDrink"
          name="priceWithDrink"
          placeholder=" "
          type="tel"
          value="0,00"
        />
        <label
          class="absolute text-sm text-slate-500 dark:text-slate-300 duration-300 transform -translate-y-6 scale-75 top-3 -z-10 origin-[0] peer-focus:left-0 peer-focus:text-amber-400 peer-focus:dark:text-amber-400 peer-placeholder-shown:scale-100 peer-placeholder-shown:translate-y-0 peer-focus:scale-75 peer-focus:-translate-y-6"
          for="priceWithDrink"
        >
          Valor de contribuição (com bebida)
        </label>
      </div>
    </div>
    <div
      class="relative z-0 mb-4"
    >
      <textarea
        class="block py-2.5 px-0 w-full text-sm text-slate-900 bg-transparent border-0 border-b-2 border-slate-500 appearance-none dark:border-slate-300 dark:focus:border-amber-400 dark:text-slate-100 focus:outline-none focus:ring-0 focus:border-amber-400 peer"
        id="additionalObservations"
        name="additionalObservations"
        placeholder=" "
        rows="4"
      />
      <label
        class="absolute text-sm text-slate-500 dark:text-slate-300 duration-300 transform -translate-y-6 scale-75 top-3 -z-10 origin-[0] peer-focus:left-0 peer-focus:text-amber-400 peer-focus:dark:text-amber-400 peer-placeholder-shown:scale-100 peer-placeholder-shown:translate-y-0 peer-focus:scale-75 peer-focus:-translate-y-6"
        for="additionalObservations"
      >
        Observações adicionais
      </label>
    </div>
    <button
      class="inline-flex items-center justify-center gap-2 rounded-3xl text-sm font-medium uppercase ring-offset-white transition-colors focus-visible:outline-none focus-visible:ring-2 focus-visible:ring-violet-950 focus-visible:ring-offset-2 disabled:pointer-events-none disabled:opacity-50 dark:ring-offset-violet-950 dark:focus-visible:ring-violet-300 bg-slate-950 text-white hover:bg-slate-950/90 dark:bg-slate-950 dark:text-white dark:hover:bg-slate-950/50 h-10 px-4 py-2"
      type="submit"
    >
      Criar churras
    </button>
    <a
      class="text-amber-400 hover:text-amber-500 transition-colors text-center text-sm"
      href="/churras"
    >
      Voltar
    </a>
  </form>
</div>
`;
