// Jest Snapshot v1, https://goo.gl/fbAQLP

exports[`<BarbecueDetailsPage /> should render correctly Barbecue Details Page 1`] = `
<div>
  <script>
    !function(){try{var d=document.documentElement,c=d.classList;c.remove('light','dark');var e=localStorage.getItem('theme');if('system'===e||(!e&&true)){var t='(prefers-color-scheme: dark)',m=window.matchMedia(t);if(m.media!==t||m.matches){d.style.colorScheme = 'dark';c.add('dark')}else{d.style.colorScheme = 'light';c.add('light')}}else if(e){c.add(e|| '')}if(e==='light'||e==='dark')d.style.colorScheme=e}catch(e){}}()
  </script>
  <div
    class="flex flex-col gap-3 p-8 rounded-3xl z-[1px] min-w-[400px] w-full h-max bg-slate-50 dark:bg-slate-800 shadow-xl"
  >
    <div
      class="flex justify-between"
    >
      <h5
        class="text-lg font-semibold"
      >
        25/12
      </h5>
      <div
        class="flex flex-row align-center gap-2"
      >
        <svg
          class="text-amber-400"
          fill="none"
          height="24"
          stroke="currentColor"
          stroke-linecap="round"
          stroke-linejoin="round"
          stroke-width="2"
          viewBox="0 0 24 24"
          width="24"
          xmlns="http://www.w3.org/2000/svg"
        >
          <path
            d="M16 21v-2a4 4 0 0 0-4-4H6a4 4 0 0 0-4 4v2"
          />
          <circle
            cx="9"
            cy="7"
            r="4"
          />
          <path
            d="M22 21v-2a4 4 0 0 0-3-3.87"
          />
          <path
            d="M16 3.13a4 4 0 0 1 0 7.75"
          />
        </svg>
        <span>
          0
        </span>
      </div>
    </div>
    <div
      class="flex justify-between"
    >
      <h2
        class="text-2xl font-bold"
      >
        Festa de Natal
      </h2>
      <div
        class="flex flex-row align-center gap-2"
      >
        <svg
          class="text-amber-400"
          fill="none"
          height="24"
          stroke="currentColor"
          stroke-linecap="round"
          stroke-linejoin="round"
          stroke-width="2"
          viewBox="0 0 24 24"
          width="24"
          xmlns="http://www.w3.org/2000/svg"
        >
          <circle
            cx="12"
            cy="12"
            r="10"
          />
          <path
            d="M16 8h-6a2 2 0 1 0 0 4h4a2 2 0 1 1 0 4H8"
          />
          <path
            d="M12 18V6"
          />
        </svg>
        <span>
          R$Â 0,00
        </span>
      </div>
    </div>
    <h3
      class="font-bold text-amber-900 dark:text-slate-50 text-center mt-6"
    >
      Participantes
    </h3>
    <p
      class="text-slate-600 dark:text-slate-300 text-center"
    >
      NÃ£o hÃ¡ participantes para este churras ðŸ«¤
    </p>
    <form
      class="flex flex-col justify-between mt-4"
    >
      <div
        class="flex items-center gap-4"
      >
        <div
          class="relative z-0 mb-4 flex-1"
        >
          <input
            class="block py-2.5 px-0 w-full text-sm text-slate-900 bg-transparent border-0 border-b-2 border-slate-500 appearance-none dark:border-slate-300 dark:focus:border-amber-400 dark:text-slate-100 focus:outline-none focus:ring-0 focus:border-amber-400 peer"
            id="name"
            name="name"
            placeholder=" "
            role="textbox"
            type="text"
            value=""
          />
          <label
            class="absolute text-sm text-slate-500 dark:text-slate-300 duration-300 transform -translate-y-6 scale-75 top-3 -z-10 origin-[0] peer-focus:left-0 peer-focus:text-amber-400 peer-focus:dark:text-amber-400 peer-placeholder-shown:scale-100 peer-placeholder-shown:translate-y-0 peer-focus:scale-75 peer-focus:-translate-y-6"
            for="name"
          >
            Nome
          </label>
        </div>
        <div
          class="flex flex-col mb-2"
        >
          <div
            class="flex gap-2 items-center"
          >
            <button
              aria-checked="false"
              class="peer h-4 w-4 shrink-0 rounded-sm border border-amber-300 ring-offset-white focus-visible:outline-none focus-visible:ring-2 focus-visible:ring-violet-950 focus-visible:ring-offset-2 disabled:cursor-not-allowed disabled:opacity-50 data-[state=checked]:bg-amber-300 data-[state=checked]:text-white dark:border-amber-300 dark:ring-offset-violet-950 dark:focus-visible:ring-violet-300 dark:data-[state=checked]:bg-amber-300 dark:data-[state=checked]:text-white"
              data-state="unchecked"
              id="withDrink"
              role="checkbox"
              type="button"
              value="false"
            />
            <input
              aria-hidden="true"
              name="withDrink"
              style="transform: translateX(-100%); position: absolute; pointer-events: none; opacity: 0; margin: 0px; width: 0px; height: 0px;"
              tabindex="-1"
              type="checkbox"
              value="false"
            />
            <label
              class="text-sm text-gray-500 dark:text-gray-300 hover:cursor-pointer"
              for="withDrink"
            >
              Com bebida?
            </label>
          </div>
        </div>
      </div>
      <button
        class="inline-flex items-center justify-center gap-2 rounded-3xl text-sm font-medium uppercase ring-offset-white transition-colors focus-visible:outline-none focus-visible:ring-2 focus-visible:ring-violet-950 focus-visible:ring-offset-2 disabled:pointer-events-none disabled:opacity-50 dark:ring-offset-violet-950 dark:focus-visible:ring-violet-300 bg-slate-950 text-white hover:bg-slate-950/90 dark:bg-slate-950 dark:text-white dark:hover:bg-slate-950/50 h-10 px-4 py-2"
        type="submit"
      >
        Adicionar participante
      </button>
    </form>
    <a
      class="text-amber-400 hover:text-amber-500 transition-colors text-center text-sm"
      href="/"
    >
      Voltar
    </a>
  </div>
</div>
`;
