// Jest Snapshot v1, https://goo.gl/fbAQLP

exports[`<SignUpPage /> should render correctly SignUp Page 1`] = `
<div>
  <script>
    !function(){try{var d=document.documentElement,c=d.classList;c.remove('light','dark');var e=localStorage.getItem('theme');if('system'===e||(!e&&true)){var t='(prefers-color-scheme: dark)',m=window.matchMedia(t);if(m.media!==t||m.matches){d.style.colorScheme = 'dark';c.add('dark')}else{d.style.colorScheme = 'light';c.add('light')}}else if(e){c.add(e|| '')}if(e==='light'||e==='dark')d.style.colorScheme=e}catch(e){}}()
  </script>
  <div
    class="w-full h-screen overflow-hidden flex justify-center items-center bg-amber-400 bg-barbecue"
  >
    <form
      class="flex flex-col gap-3 p-8 rounded-3xl z-[1px] min-w-[400px] max-w-[440px] h-max bg-slate-50 dark:bg-slate-800 shadow-xl"
    >
      <h3
        class="text-center font-semibold text-primary-900 dark:text-slate-50"
      >
        Faça seu cadastro para acompanhar os churras da 
        <span
          class="font-bold uppercase"
        >
          Trinca
        </span>
      </h3>
      <div>
        <div
          class="relative z-0 mb-4"
        >
          <input
            class="block py-2.5 px-0 w-full text-sm text-slate-900 bg-transparent border-0 border-b-2 border-slate-500 appearance-none dark:border-slate-300 dark:focus:border-amber-400 dark:text-slate-100 focus:outline-none focus:ring-0 focus:border-amber-400 peer"
            id="name"
            name="name"
            placeholder=" "
            role="textbox"
            type="text"
            value=""
          />
          <label
            class="absolute text-sm text-slate-500 dark:text-slate-300 duration-300 transform -translate-y-6 scale-75 top-3 -z-10 origin-[0] peer-focus:left-0 peer-focus:text-amber-400 peer-focus:dark:text-amber-400 peer-placeholder-shown:scale-100 peer-placeholder-shown:translate-y-0 peer-focus:scale-75 peer-focus:-translate-y-6"
            for="name"
          >
            Nome completo
          </label>
        </div>
        <div
          class="relative z-0 mb-4"
        >
          <input
            class="block py-2.5 px-0 w-full text-sm text-slate-900 bg-transparent border-0 border-b-2 border-slate-500 appearance-none dark:border-slate-300 dark:focus:border-amber-400 dark:text-slate-100 focus:outline-none focus:ring-0 focus:border-amber-400 peer"
            id="email"
            name="email"
            placeholder=" "
            role="textbox"
            type="email"
            value=""
          />
          <label
            class="absolute text-sm text-slate-500 dark:text-slate-300 duration-300 transform -translate-y-6 scale-75 top-3 -z-10 origin-[0] peer-focus:left-0 peer-focus:text-amber-400 peer-focus:dark:text-amber-400 peer-placeholder-shown:scale-100 peer-placeholder-shown:translate-y-0 peer-focus:scale-75 peer-focus:-translate-y-6"
            for="email"
          >
            E-mail
          </label>
        </div>
        <div
          class="relative z-0 mb-4"
        >
          <input
            class="block py-2.5 px-0 w-full text-sm text-slate-900 bg-transparent border-0 border-b-2 border-slate-500 appearance-none dark:border-slate-300 dark:focus:border-amber-400 dark:text-slate-100 focus:outline-none focus:ring-0 focus:border-amber-400 peer"
            id="password"
            name="password"
            placeholder=" "
            role="textbox"
            type="password"
            value=""
          />
          <label
            class="absolute text-sm text-slate-500 dark:text-slate-300 duration-300 transform -translate-y-6 scale-75 top-3 -z-10 origin-[0] peer-focus:left-0 peer-focus:text-amber-400 peer-focus:dark:text-amber-400 peer-placeholder-shown:scale-100 peer-placeholder-shown:translate-y-0 peer-focus:scale-75 peer-focus:-translate-y-6"
            for="password"
          >
            Senha
          </label>
          <div
            class="absolute h-10 flex items-center right-1 top-0"
          >
            <button
              aria-label="Mostrar"
              class="inline-flex items-center justify-center gap-2 rounded-3xl text-sm font-medium uppercase ring-offset-white transition-colors focus-visible:outline-none focus-visible:ring-2 focus-visible:ring-violet-950 focus-visible:ring-offset-2 disabled:pointer-events-none disabled:opacity-50 dark:ring-offset-violet-950 dark:focus-visible:ring-violet-300 bg-transparent text-slate-950 hover:bg-amber-100 dark:bg-transparent dark:text-slate-300 dark:hover:bg-amber-400 dark:hover:text-slate-950 h-8 w-8"
              data-state="closed"
              type="button"
            >
              <svg
                class="w-4 h-4"
                fill="none"
                height="24"
                stroke="currentColor"
                stroke-linecap="round"
                stroke-linejoin="round"
                stroke-width="2"
                viewBox="0 0 24 24"
                width="24"
                xmlns="http://www.w3.org/2000/svg"
              >
                <path
                  d="M2 12s3-7 10-7 10 7 10 7-3 7-10 7-10-7-10-7Z"
                />
                <circle
                  cx="12"
                  cy="12"
                  r="3"
                />
              </svg>
            </button>
          </div>
          <div
            class="text-[0.625rem] mt-1 text-gray-500"
            role="note"
          >
            A senha deve possuir no mínimo 8 caracteres, uma letra maiúscula, uma letra minúscula, um número e um caractere especial
          </div>
          <div
            style="position: relative;"
          >
            <div
              style="display: flex; align-items: center; margin: 5px 0px 0px;"
            >
              <div
                style="flex-basis: 0px; flex-grow: 1; position: relative; max-width: 100%; width: 100%; height: 2px; background-color: rgb(221, 221, 221);"
              />
              <div
                style="width: 4px;"
              />
              <div
                style="flex-basis: 0px; flex-grow: 1; position: relative; max-width: 100%; width: 100%; height: 2px; background-color: rgb(221, 221, 221);"
              />
              <div
                style="width: 4px;"
              />
              <div
                style="flex-basis: 0px; flex-grow: 1; position: relative; max-width: 100%; width: 100%; height: 2px; background-color: rgb(221, 221, 221);"
              />
              <div
                style="width: 4px;"
              />
              <div
                style="flex-basis: 0px; flex-grow: 1; position: relative; max-width: 100%; width: 100%; height: 2px; background-color: rgb(221, 221, 221);"
              />
            </div>
            <p
              class="impo text-[0.625rem] text-slate-500"
              style="margin: 5px 0px 0px; color: rgb(137, 135, 146); font-size: 14px; text-align: right;"
            >
              curta demais
            </p>
          </div>
        </div>
        <div
          class="relative z-0 mb-4"
        >
          <input
            class="block py-2.5 px-0 w-full text-sm text-slate-900 bg-transparent border-0 border-b-2 border-slate-500 appearance-none dark:border-slate-300 dark:focus:border-amber-400 dark:text-slate-100 focus:outline-none focus:ring-0 focus:border-amber-400 peer"
            id="confirmPassword"
            name="confirmPassword"
            placeholder=" "
            role="textbox"
            type="password"
            value=""
          />
          <label
            class="absolute text-sm text-slate-500 dark:text-slate-300 duration-300 transform -translate-y-6 scale-75 top-3 -z-10 origin-[0] peer-focus:left-0 peer-focus:text-amber-400 peer-focus:dark:text-amber-400 peer-placeholder-shown:scale-100 peer-placeholder-shown:translate-y-0 peer-focus:scale-75 peer-focus:-translate-y-6"
            for="confirmPassword"
          >
            Confirmar senha
          </label>
          <div
            class="absolute h-10 flex items-center right-1 top-0"
          >
            <button
              aria-label="Mostrar"
              class="inline-flex items-center justify-center gap-2 rounded-3xl text-sm font-medium uppercase ring-offset-white transition-colors focus-visible:outline-none focus-visible:ring-2 focus-visible:ring-violet-950 focus-visible:ring-offset-2 disabled:pointer-events-none disabled:opacity-50 dark:ring-offset-violet-950 dark:focus-visible:ring-violet-300 bg-transparent text-slate-950 hover:bg-amber-100 dark:bg-transparent dark:text-slate-300 dark:hover:bg-amber-400 dark:hover:text-slate-950 h-8 w-8"
              data-state="closed"
              type="button"
            >
              <svg
                class="w-4 h-4"
                fill="none"
                height="24"
                stroke="currentColor"
                stroke-linecap="round"
                stroke-linejoin="round"
                stroke-width="2"
                viewBox="0 0 24 24"
                width="24"
                xmlns="http://www.w3.org/2000/svg"
              >
                <path
                  d="M2 12s3-7 10-7 10 7 10 7-3 7-10 7-10-7-10-7Z"
                />
                <circle
                  cx="12"
                  cy="12"
                  r="3"
                />
              </svg>
            </button>
          </div>
        </div>
        <div
          class="flex flex-col mb-2"
        >
          <div
            class="flex gap-2 items-center"
          >
            <button
              aria-checked="false"
              class="peer h-4 w-4 shrink-0 rounded-sm border border-amber-300 ring-offset-white focus-visible:outline-none focus-visible:ring-2 focus-visible:ring-violet-950 focus-visible:ring-offset-2 disabled:cursor-not-allowed disabled:opacity-50 data-[state=checked]:bg-amber-300 data-[state=checked]:text-white dark:border-amber-300 dark:ring-offset-violet-950 dark:focus-visible:ring-violet-300 dark:data-[state=checked]:bg-amber-300 dark:data-[state=checked]:text-white"
              data-state="unchecked"
              id="confirmAndAgree"
              role="checkbox"
              type="button"
              value="false"
            />
            <input
              aria-hidden="true"
              name="confirmAndAgree"
              style="transform: translateX(-100%); position: absolute; pointer-events: none; opacity: 0; margin: 0px; width: 0px; height: 0px;"
              tabindex="-1"
              type="checkbox"
              value="false"
            />
            <label
              class="text-sm text-gray-500 dark:text-gray-300 hover:cursor-pointer"
              for="confirmAndAgree"
            >
              Confirmar e aceitar os termos de uso
            </label>
          </div>
        </div>
      </div>
      <button
        class="inline-flex items-center justify-center gap-2 rounded-3xl text-sm font-medium uppercase ring-offset-white transition-colors focus-visible:outline-none focus-visible:ring-2 focus-visible:ring-violet-950 focus-visible:ring-offset-2 disabled:pointer-events-none disabled:opacity-50 dark:ring-offset-violet-950 dark:focus-visible:ring-violet-300 bg-slate-950 text-white hover:bg-slate-950/90 dark:bg-slate-950 dark:text-white dark:hover:bg-slate-950/50 h-10 px-4 py-2"
        type="submit"
      >
        Cadastrar
      </button>
      <a
        class="text-amber-400 hover:text-amber-500 transition-colors text-center text-sm"
        href="/"
      >
        Voltar para login
      </a>
    </form>
  </div>
</div>
`;
